// Bun Snapshot v1, https://goo.gl/fbAQLP

exports[`sitemap.xml should match snapshot 1`] = `"<?xml version="1.0" encoding="UTF-8" ?><urlset xmlns="https://www.sitemaps.org/schemas/sitemap/0.9"><url><loc>https://viktor.andersson.tech/</loc></url><url><loc>https://viktor.andersson.tech/projects</loc></url><url><loc>https://viktor.andersson.tech/projects/electricity-maps</loc></url><url><loc>https://viktor.andersson.tech/projects/portfolio</loc></url><url><loc>https://viktor.andersson.tech/projects/angular-demo</loc></url></urlset>"`;
