// Bun Snapshot v1, https://bun.sh/docs/test/snapshots

exports[`buildGraphData snapshot matches desktop snapshot 1`] = `
{
  "branches": [
    {
      "color": "#3b82f6",
      "curveOffset": 1,
      "endRow": 81,
      "entries": [
        {
          "description": "Summer worker at the restaurant.",
          "employmentType": "Seasonal",
          "endMonth": 8,
          "endYear": 2019,
          "location": "Älmhult, Sweden",
          "organization": "IKEA",
          "showDates": true,
          "startMonth": 6,
          "startYear": 2019,
          "title": "FOOD Co-Worker",
          "type": "work",
        },
      ],
      "forkRow": 81,
      "id": "__ungrouped_2",
      "isOngoing": false,
      "lane": 1,
      "side": "right",
      "type": "work",
    },
    {
      "color": "#22c55e",
      "curveOffset": 3,
      "endRow": 42,
      "entries": [
        {
          "description": "Summer job and recurring weekend work at the restaurant, bistro and Swedish Food Market.",
          "employmentType": "Contract",
          "endMonth": 1,
          "endYear": 2023,
          "location": "Älmhult, Sweden",
          "organization": "IKEA",
          "showDates": true,
          "startMonth": 6,
          "startYear": 2022,
          "title": "FOOD Co-Worker",
          "type": "work",
        },
      ],
      "forkRow": 43,
      "id": "__ungrouped_3",
      "isOngoing": false,
      "lane": 1,
      "side": "right",
      "type": "work",
    },
    {
      "color": "#f59e0b",
      "curveOffset": 3,
      "endRow": 73,
      "entries": [
        {
          "degree": "High School Diploma",
          "description": "Focus on programming in C# and web development using PHP, and JavaScript frameworks.",
          "endMonth": 6,
          "endYear": 2020,
          "location": "Älmhult, Sweden",
          "organization": "Haganässkolan",
          "showDates": true,
          "startMonth": 8,
          "startYear": 2017,
          "title": "Information and Media Technology",
          "type": "education",
        },
      ],
      "forkRow": 101,
      "id": "__ungrouped_0",
      "isOngoing": false,
      "lane": -1,
      "side": "left",
      "type": "education",
    },
    {
      "color": "#ef4444",
      "curveOffset": 3,
      "endRow": 13,
      "entries": [
        {
          "degree": "Bachelor of Science",
          "description": "Bachelor of Science with a major in Informatics, Digital Design and Innovation",
          "endMonth": 6,
          "endYear": 2025,
          "link": "https://hh.se",
          "linkLabel": "open hh.se",
          "location": "Halmstad, Sweden",
          "organization": "Halmstad University",
          "showDates": true,
          "startMonth": 8,
          "startYear": 2022,
          "title": "Digital Design and Innovation",
          "type": "education",
        },
      ],
      "forkRow": 41,
      "id": "__ungrouped_1",
      "isOngoing": false,
      "lane": -1,
      "side": "left",
      "type": "education",
    },
    {
      "color": "#a855f7",
      "curveOffset": 3,
      "endRow": 1,
      "entries": [
        {
          "description": "Building and nurturing the open source community of electricitymaps-contrib as well as maintaining the open source repository of Electricity Maps. Which contains the date ingestion parsers and contained the frontend code of the public web app.",
          "employmentType": "Part-time",
          "endMonth": 6,
          "endYear": 2025,
          "group": "electricity-maps",
          "link": "https://electricitymaps.com",
          "linkLabel": "open electricitymaps.com",
          "location": "Remote, Denmark",
          "organization": "Electricity Maps",
          "showDates": true,
          "startMonth": 12,
          "startYear": 2022,
          "title": "Open Source Community Engineer",
          "type": "work",
        },
        {
          "description": "Engineering core data ingestion, validation and processing systems for near real-time electricity data.",
          "employmentType": "Full-time",
          "endYear": null,
          "group": "electricity-maps",
          "link": "https://electricitymaps.com",
          "linkLabel": "open electricitymaps.com",
          "location": "Hybrid, Denmark",
          "organization": "Electricity Maps",
          "showDates": true,
          "startMonth": 7,
          "startYear": 2025,
          "title": "Software Engineer",
          "type": "work",
        },
      ],
      "forkRow": 37,
      "id": "electricity-maps",
      "isOngoing": true,
      "lane": 1,
      "side": "right",
      "type": "work",
    },
  ],
  "graphWidth": 160,
  "leaderLines": [
    {
      "color": "#3b82f6",
      "points": [
        {
          "x": 129,
          "y": 656,
        },
        {
          "x": 160,
          "y": 656,
        },
      ],
    },
    {
      "color": "#22c55e",
      "points": [
        {
          "x": 129,
          "y": 348,
        },
        {
          "x": 131,
          "y": 348,
        },
        {
          "x": 131,
          "y": 352,
        },
        {
          "x": 160,
          "y": 352,
        },
      ],
    },
    {
      "color": "#f59e0b",
      "points": [
        {
          "x": 31,
          "y": 704,
        },
        {
          "x": 0,
          "y": 704,
        },
      ],
    },
    {
      "color": "#ef4444",
      "points": [
        {
          "x": 31,
          "y": 224,
        },
        {
          "x": 0,
          "y": 224,
        },
      ],
    },
    {
      "color": "#a855f7",
      "points": [
        {
          "x": 129,
          "y": 196,
        },
        {
          "x": 131,
          "y": 196,
        },
        {
          "x": 131,
          "y": 200,
        },
        {
          "x": 160,
          "y": 200,
        },
      ],
    },
    {
      "color": "#a855f7",
      "points": [
        {
          "x": 129,
          "y": 48,
        },
        {
          "x": 160,
          "y": 48,
        },
      ],
    },
  ],
  "mode": "desktop",
  "nodes": [
    {
      "branchId": "__life",
      "color": "var(--color-secondary-400)",
      "entry": {
        "organization": "Sweden",
        "showDates": false,
        "startMonth": 2,
        "startYear": 1999,
        "title": "Born",
        "type": "life",
      },
      "gridRow": 326,
      "gridRowEnd": 329,
      "lane": 0,
      "row": 326,
      "side": "right",
    },
    {
      "branchId": "__ungrouped_2",
      "color": "#3b82f6",
      "entry": {
        "description": "Summer worker at the restaurant.",
        "employmentType": "Seasonal",
        "endMonth": 8,
        "endYear": 2019,
        "location": "Älmhult, Sweden",
        "organization": "IKEA",
        "showDates": true,
        "startMonth": 6,
        "startYear": 2019,
        "title": "FOOD Co-Worker",
        "type": "work",
      },
      "gridRow": 81,
      "gridRowEnd": 84,
      "lane": 1,
      "row": 81,
      "side": "right",
    },
    {
      "branchId": "__ungrouped_3",
      "color": "#22c55e",
      "entry": {
        "description": "Summer job and recurring weekend work at the restaurant, bistro and Swedish Food Market.",
        "employmentType": "Contract",
        "endMonth": 1,
        "endYear": 2023,
        "location": "Älmhult, Sweden",
        "organization": "IKEA",
        "showDates": true,
        "startMonth": 6,
        "startYear": 2022,
        "title": "FOOD Co-Worker",
        "type": "work",
      },
      "gridRow": 43,
      "gridRowEnd": 47,
      "lane": 1,
      "row": 42.5,
      "side": "right",
    },
    {
      "branchId": "__ungrouped_0",
      "color": "#f59e0b",
      "entry": {
        "degree": "High School Diploma",
        "description": "Focus on programming in C# and web development using PHP, and JavaScript frameworks.",
        "endMonth": 6,
        "endYear": 2020,
        "location": "Älmhult, Sweden",
        "organization": "Haganässkolan",
        "showDates": true,
        "startMonth": 8,
        "startYear": 2017,
        "title": "Information and Media Technology",
        "type": "education",
      },
      "gridRow": 87,
      "gridRowEnd": 105,
      "lane": -1,
      "row": 87,
      "side": "left",
    },
    {
      "branchId": "__ungrouped_1",
      "color": "#ef4444",
      "entry": {
        "degree": "Bachelor of Science",
        "description": "Bachelor of Science with a major in Informatics, Digital Design and Innovation",
        "endMonth": 6,
        "endYear": 2025,
        "link": "https://hh.se",
        "linkLabel": "open hh.se",
        "location": "Halmstad, Sweden",
        "organization": "Halmstad University",
        "showDates": true,
        "startMonth": 8,
        "startYear": 2022,
        "title": "Digital Design and Innovation",
        "type": "education",
      },
      "gridRow": 27,
      "gridRowEnd": 45,
      "lane": -1,
      "row": 27,
      "side": "left",
    },
    {
      "branchId": "electricity-maps",
      "color": "#a855f7",
      "entry": {
        "description": "Building and nurturing the open source community of electricitymaps-contrib as well as maintaining the open source repository of Electricity Maps. Which contains the date ingestion parsers and contained the frontend code of the public web app.",
        "employmentType": "Part-time",
        "endMonth": 6,
        "endYear": 2025,
        "group": "electricity-maps",
        "link": "https://electricitymaps.com",
        "linkLabel": "open electricitymaps.com",
        "location": "Remote, Denmark",
        "organization": "Electricity Maps",
        "showDates": true,
        "startMonth": 12,
        "startYear": 2022,
        "title": "Open Source Community Engineer",
        "type": "work",
      },
      "gridRow": 24,
      "gridRowEnd": 41,
      "lane": 1,
      "row": 23.5,
      "side": "right",
    },
    {
      "branchId": "electricity-maps",
      "color": "#a855f7",
      "entry": {
        "description": "Engineering core data ingestion, validation and processing systems for near real-time electricity data.",
        "employmentType": "Full-time",
        "endYear": null,
        "group": "electricity-maps",
        "link": "https://electricitymaps.com",
        "linkLabel": "open electricitymaps.com",
        "location": "Hybrid, Denmark",
        "organization": "Electricity Maps",
        "showDates": true,
        "startMonth": 7,
        "startYear": 2025,
        "title": "Software Engineer",
        "type": "work",
      },
      "gridRow": 5,
      "gridRowEnd": 10,
      "lane": 1,
      "row": 5,
      "side": "right",
    },
  ],
  "totalGridRows": 329,
}
`;
