// Bun Snapshot v1, https://bun.sh/docs/test/snapshots

exports[`sitemap.xml should match snapshot 1`] = `
"<?xml version="1.0" encoding="UTF-8"?>
<urlset xmlns="https://www.sitemaps.org/schemas/sitemap/0.9">
  
  <url>
    <loc>https://viktor.andersson.tech</loc>
    <lastmod>2026-03-14</lastmod>
    <changefreq>weekly</changefreq>
    <priority>1.0</priority>
  </url>
</urlset>"
`;
